============================= test session starts =============================
platform win32 -- Python 3.13.1, pytest-8.3.4, pluggy-1.6.0
rootdir: C:\Users\vom69\OneDrive\Desktop\Hardware\backend
configfile: pytest.ini
plugins: anyio-4.13.0, asyncio-0.24.0
asyncio: mode=Mode.AUTO, default_loop_scope=session
collected 1 item

tests\test_payments.py F                                                 [100%]

================================== FAILURES ===================================
_______________________ test_payment_verification_flow ________________________

    @pytest.mark.anyio
    async def test_payment_verification_flow():
        variant = await get_test_variant()
        assert variant is not None
    
        email = f"payment_{uuid.uuid4().hex[:8]}@example.com"
        password = "SuperPassword123!"
    
        async with AsyncClient(app=app, base_url="http://test") as ac:
            # Setup: Register, Login, Create Address, Add to Cart, Create Order
            await ac.post("/api/auth/register", json={"email": email, "password": password, "name": "Payment Tester"})
            login_resp = await ac.post("/api/auth/login", json={"email": email, "password": password})
            token = login_resp.json()["access_token"]
            headers = {"Authorization": f"Bearer {token}"}
    
            addr_resp = await ac.post(
                "/api/addresses",
                headers=headers,
                json={
                    "label": "Home",
                    "full_address": "Payment Test Address",
                    "city": "Mumbai",
                    "state": "MH",
                    "pincode": "400001",
                    "is_default": True,
                },
            )
            address_id = addr_resp.json()["id"]
    
            await ac.post("/api/cart/items", headers=headers, json={"variant_id": variant.id, "quantity": 1})
            order_resp = await ac.post("/api/orders", headers=headers, json={"shipping_address_id": address_id})
            order_data = order_resp.json()
            order_id = order_data["id"]
    
            async with AsyncSessionLocal() as session:
                db_v = await session.get(ProductVariant, variant.id)
                original_stock = db_v.stock_quantity
    
            # Create Razorpay Order
            rzp_resp = await ac.post(f"/api/payments/{order_id}/create-razorpay-order", headers=headers)
>           assert rzp_resp.status_code == 200
E           assert 500 == 200
E            +  where 500 = <Response [500 Internal Server Error]>.status_code

tests\test_payments.py:77: AssertionError
---------------------------- Captured stdout call -----------------------------
2026-06-25 17:03:19,604 INFO sqlalchemy.engine.Engine select pg_catalog.version()
2026-06-25 17:03:19,604 INFO sqlalchemy.engine.Engine [raw sql] ()
2026-06-25 17:03:19,900 INFO sqlalchemy.engine.Engine select current_schema()
2026-06-25 17:03:19,900 INFO sqlalchemy.engine.Engine [raw sql] ()
2026-06-25 17:03:20,197 INFO sqlalchemy.engine.Engine show standard_conforming_strings
2026-06-25 17:03:20,198 INFO sqlalchemy.engine.Engine [raw sql] ()
2026-06-25 17:03:20,417 INFO sqlalchemy.engine.Engine BEGIN (implicit)
2026-06-25 17:03:20,424 INFO sqlalchemy.engine.Engine SELECT product_variants.id, product_variants.product_id, product_variants.sku, product_variants.size_label, product_variants.size_dimensions, product_variants.dimensions_cm, product_variants.weight_grams, product_variants.mrp, product_variants.wholesale_price, product_variants.wholesale_min_qty, product_variants.stock_quantity, product_variants.reserved_quantity, product_variants.low_stock_threshold, product_variants.is_active, product_variants.created_at, product_variants.updated_at 
FROM product_variants 
WHERE product_variants.is_active = true
2026-06-25 17:03:20,425 INFO sqlalchemy.engine.Engine [generated in 0.00063s] ()
2026-06-25 17:03:20,731 INFO sqlalchemy.engine.Engine SELECT products.id AS products_id, products.name AS products_name, products.slug AS products_slug, products.description AS products_description, products.category_id AS products_category_id, products.brand_id AS products_brand_id, products.component_type AS products_component_type, products.material AS products_material, products.pressure_rating AS products_pressure_rating, products.meta_title AS products_meta_title, products.meta_description AS products_meta_description, products.is_active AS products_is_active, products.created_at AS products_created_at, products.updated_at AS products_updated_at, products.search_vector AS products_search_vector 
FROM products 
WHERE products.id IN ($1::BIGINT, $2::BIGINT, $3::BIGINT, $4::BIGINT, $5::BIGINT, $6::BIGINT, $7::BIGINT, $8::BIGINT, $9::BIGINT, $10::BIGINT, $11::BIGINT, $12::BIGINT, $13::BIGINT, $14::BIGINT, $15::BIGINT, $16::BIGINT, $17::BIGINT, $18::BIGINT, $19::BIGINT, $20::BIGINT, $21::BIGINT, $22::BIGINT, $23::BIGINT, $24::BIGINT, $25::BIGINT, $26::BIGINT, $27::BIGINT, $28::BIGINT, $29::BIGINT, $30::BIGINT, $31::BIGINT, $32::BIGINT, $33::BIGINT, $34::BIGINT, $35::BIGINT, $36::BIGINT, $37::BIGINT, $38::BIGINT, $39::BIGINT, $40::BIGINT, $41::BIGINT, $42::BIGINT, $43::BIGINT, $44::BIGINT, $45::BIGINT)
2026-06-25 17:03:20,731 INFO sqlalchemy.engine.Engine [generated in 0.00069s] (4, 5, 6, 7, 8, 9, 10, 11, 12, 14, 15, 17, 18, 20, 21, 24, 26, 27, 29, 30, 32, 33, 35, 36, 38, 39, 41, 42, 44, 45, 49, 50, 52, 53, 55, 56, 58, 59, 61, 62, 63, 64, 66, 67, 69)
2026-06-25 17:03:20,899 INFO sqlalchemy.engine.Engine ROLLBACK
2026-06-25 17:03:21,263 INFO sqlalchemy.engine.Engine BEGIN (implicit)
2026-06-25 17:03:21,266 INFO sqlalchemy.engine.Engine SELECT users.id, users.email, users.password_hash, users.name, users.phone, users.is_active, users.is_admin, users.is_wholesale_customer, users.created_at, users.updated_at 
FROM users 
WHERE users.email = $1::VARCHAR
2026-06-25 17:03:21,266 INFO sqlalchemy.engine.Engine [generated in 0.00046s] ('payment_4bff3c91@example.com',)
2026-06-25 17:03:21,989 INFO sqlalchemy.engine.Engine INSERT INTO users (email, password_hash, name, phone, is_active, is_admin, is_wholesale_customer) VALUES ($1::VARCHAR, $2::VARCHAR, $3::VARCHAR, $4::VARCHAR, $5::BOOLEAN, $6::BOOLEAN, $7::BOOLEAN) RETURNING users.id, users.created_at, users.updated_at
2026-06-25 17:03:21,989 INFO sqlalchemy.engine.Engine [generated in 0.00045s] ('payment_4bff3c91@example.com', '$2b$12$bSV03kQUnbJdoFzhZbjbGuPcf0ni2E1b99LDK2t.ALzWV6M0BtJ0y', 'Payment Tester', None, True, False, False)
2026-06-25 17:03:22,128 INFO sqlalchemy.engine.Engine COMMIT
2026-06-25 17:03:22,422 INFO sqlalchemy.engine.Engine BEGIN (implicit)
2026-06-25 17:03:22,423 INFO sqlalchemy.engine.Engine SELECT users.id, users.email, users.password_hash, users.name, users.phone, users.is_active, users.is_admin, users.is_wholesale_customer, users.created_at, users.updated_at 
FROM users 
WHERE users.id = $1::BIGINT
2026-06-25 17:03:22,423 INFO sqlalchemy.engine.Engine [generated in 0.00031s] (28,)
2026-06-25 17:03:22,644 INFO sqlalchemy.engine.Engine SELECT addresses.id AS addresses_id, addresses.user_id AS addresses_user_id, addresses.label AS addresses_label, addresses.full_address AS addresses_full_address, addresses.city AS addresses_city, addresses.state AS addresses_state, addresses.pincode AS addresses_pincode, addresses.phone AS addresses_phone, addresses.is_default AS addresses_is_default, addresses.created_at AS addresses_created_at 
FROM addresses 
WHERE $1::BIGINT = addresses.user_id
2026-06-25 17:03:22,644 INFO sqlalchemy.engine.Engine [generated in 0.00026s] (28,)
2026-06-25 17:03:22,792 INFO sqlalchemy.engine.Engine ROLLBACK
2026-06-25 17:03:23,089 INFO sqlalchemy.engine.Engine BEGIN (implicit)
2026-06-25 17:03:23,089 INFO sqlalchemy.engine.Engine SELECT users.id, users.email, users.password_hash, users.name, users.phone, users.is_active, users.is_admin, users.is_wholesale_customer, users.created_at, users.updated_at 
FROM users 
WHERE users.email = $1::VARCHAR
2026-06-25 17:03:23,090 INFO sqlalchemy.engine.Engine [cached since 1.824s ago] ('payment_4bff3c91@example.com',)
2026-06-25 17:03:23,244 INFO sqlalchemy.engine.Engine SELECT addresses.user_id AS addresses_user_id, addresses.id AS addresses_id, addresses.label AS addresses_label, addresses.full_address AS addresses_full_address, addresses.city AS addresses_city, addresses.state AS addresses_state, addresses.pincode AS addresses_pincode, addresses.phone AS addresses_phone, addresses.is_default AS addresses_is_default, addresses.created_at AS addresses_created_at 
FROM addresses 
WHERE addresses.user_id IN ($1::BIGINT)
2026-06-25 17:03:23,244 INFO sqlalchemy.engine.Engine [generated in 0.00038s] (28,)
2026-06-25 17:03:23,902 INFO sqlalchemy.engine.Engine ROLLBACK
2026-06-25 17:03:24,177 INFO sqlalchemy.engine.Engine BEGIN (implicit)
2026-06-25 17:03:24,177 INFO sqlalchemy.engine.Engine SELECT users.id, users.email, users.password_hash, users.name, users.phone, users.is_active, users.is_admin, users.is_wholesale_customer, users.created_at, users.updated_at 
FROM users 
WHERE users.email = $1::VARCHAR
2026-06-25 17:03:24,178 INFO sqlalchemy.engine.Engine [cached since 2.912s ago] ('payment_4bff3c91@example.com',)
2026-06-25 17:03:24,308 INFO sqlalchemy.engine.Engine SELECT addresses.user_id AS addresses_user_id, addresses.id AS addresses_id, addresses.label AS addresses_label, addresses.full_address AS addresses_full_address, addresses.city AS addresses_city, addresses.state AS addresses_state, addresses.pincode AS addresses_pincode, addresses.phone AS addresses_phone, addresses.is_default AS addresses_is_default, addresses.created_at AS addresses_created_at 
FROM addresses 
WHERE addresses.user_id IN ($1::BIGINT)
2026-06-25 17:03:24,309 INFO sqlalchemy.engine.Engine [cached since 1.065s ago] (28,)
2026-06-25 17:03:24,383 INFO sqlalchemy.engine.Engine UPDATE addresses SET is_default=$1::BOOLEAN WHERE addresses.user_id = $2::BIGINT
2026-06-25 17:03:24,383 INFO sqlalchemy.engine.Engine [generated in 0.00044s] (False, 28)
2026-06-25 17:03:24,539 INFO sqlalchemy.engine.Engine INSERT INTO addresses (user_id, label, full_address, city, state, pincode, phone, is_default) VALUES ($1::BIGINT, $2::VARCHAR, $3::VARCHAR, $4::VARCHAR, $5::VARCHAR, $6::VARCHAR, $7::VARCHAR, $8::BOOLEAN) RETURNING addresses.id, addresses.created_at
2026-06-25 17:03:24,540 INFO sqlalchemy.engine.Engine [generated in 0.00053s] (28, 'Home', 'Payment Test Address', 'Mumbai', 'MH', '400001', None, True)
2026-06-25 17:03:24,695 INFO sqlalchemy.engine.Engine COMMIT
2026-06-25 17:03:24,967 INFO sqlalchemy.engine.Engine BEGIN (implicit)
2026-06-25 17:03:24,969 INFO sqlalchemy.engine.Engine SELECT addresses.id, addresses.user_id, addresses.label, addresses.full_address, addresses.city, addresses.state, addresses.pincode, addresses.phone, addresses.is_default, addresses.created_at 
FROM addresses 
WHERE addresses.id = $1::BIGINT
2026-06-25 17:03:24,970 INFO sqlalchemy.engine.Engine [generated in 0.00069s] (16,)
2026-06-25 17:03:25,206 INFO sqlalchemy.engine.Engine ROLLBACK
2026-06-25 17:03:25,489 INFO sqlalchemy.engine.Engine BEGIN (implicit)
2026-06-25 17:03:25,490 INFO sqlalchemy.engine.Engine SELECT users.id, users.email, users.password_hash, users.name, users.phone, users.is_active, users.is_admin, users.is_wholesale_customer, users.created_at, users.updated_at 
FROM users 
WHERE users.email = $1::VARCHAR
2026-06-25 17:03:25,490 INFO sqlalchemy.engine.Engine [cached since 4.225s ago] ('payment_4bff3c91@example.com',)
2026-06-25 17:03:25,632 INFO sqlalchemy.engine.Engine SELECT addresses.user_id AS addresses_user_id, addresses.id AS addresses_id, addresses.label AS addresses_label, addresses.full_address AS addresses_full_address, addresses.city AS addresses_city, addresses.state AS addresses_state, addresses.pincode AS addresses_pincode, addresses.phone AS addresses_phone, addresses.is_default AS addresses_is_default, addresses.created_at AS addresses_created_at 
FROM addresses 
WHERE addresses.user_id IN ($1::BIGINT)
2026-06-25 17:03:25,633 INFO sqlalchemy.engine.Engine [cached since 2.389s ago] (28,)
2026-06-25 17:03:25,700 INFO sqlalchemy.engine.Engine SELECT product_variants.id, product_variants.product_id, product_variants.sku, product_variants.size_label, product_variants.size_dimensions, product_variants.dimensions_cm, product_variants.weight_grams, product_variants.mrp, product_variants.wholesale_price, product_variants.wholesale_min_qty, product_variants.stock_quantity, product_variants.reserved_quantity, product_variants.low_stock_threshold, product_variants.is_active, product_variants.created_at, product_variants.updated_at 
FROM product_variants 
WHERE product_variants.id = $1::BIGINT
2026-06-25 17:03:25,700 INFO sqlalchemy.engine.Engine [generated in 0.00030s] (5,)
2026-06-25 17:03:25,832 INFO sqlalchemy.engine.Engine SELECT products.id AS products_id, products.name AS products_name, products.slug AS products_slug, products.description AS products_description, products.category_id AS products_category_id, products.brand_id AS products_brand_id, products.component_type AS products_component_type, products.material AS products_material, products.pressure_rating AS products_pressure_rating, products.meta_title AS products_meta_title, products.meta_description AS products_meta_description, products.is_active AS products_is_active, products.created_at AS products_created_at, products.updated_at AS products_updated_at, products.search_vector AS products_search_vector 
FROM products 
WHERE products.id IN ($1::BIGINT)
2026-06-25 17:03:25,833 INFO sqlalchemy.engine.Engine [cached since 5.102s ago] (4,)
2026-06-25 17:03:25,971 INFO sqlalchemy.engine.Engine SELECT carts.id, carts.user_id, carts.session_token, carts.created_at, carts.updated_at 
FROM carts 
WHERE carts.user_id = $1::BIGINT
2026-06-25 17:03:25,971 INFO sqlalchemy.engine.Engine [generated in 0.00029s] (28,)
2026-06-25 17:03:26,120 INFO sqlalchemy.engine.Engine INSERT INTO carts (user_id, session_token) VALUES ($1::BIGINT, $2::VARCHAR) RETURNING carts.id, carts.created_at, carts.updated_at
2026-06-25 17:03:26,120 INFO sqlalchemy.engine.Engine [generated in 0.00056s] (28, None)
2026-06-25 17:03:26,265 INFO sqlalchemy.engine.Engine COMMIT
2026-06-25 17:03:26,522 INFO sqlalchemy.engine.Engine BEGIN (implicit)
2026-06-25 17:03:26,523 INFO sqlalchemy.engine.Engine SELECT carts.id, carts.user_id, carts.session_token, carts.created_at, carts.updated_at 
FROM carts 
WHERE carts.id = $1::BIGINT
2026-06-25 17:03:26,524 INFO sqlalchemy.engine.Engine [generated in 0.00037s] (22,)
2026-06-25 17:03:26,728 INFO sqlalchemy.engine.Engine SELECT cart_items.id, cart_items.cart_id, cart_items.variant_id, cart_items.quantity, cart_items.price_snapshot, cart_items.added_at 
FROM cart_items 
WHERE cart_items.cart_id = $1::BIGINT AND cart_items.variant_id = $2::BIGINT
2026-06-25 17:03:26,729 INFO sqlalchemy.engine.Engine [generated in 0.00026s] (22, 5)
2026-06-25 17:03:26,864 INFO sqlalchemy.engine.Engine INSERT INTO cart_items (cart_id, variant_id, quantity, price_snapshot) VALUES ($1::BIGINT, $2::BIGINT, $3::INTEGER, $4::NUMERIC(12, 2)) RETURNING cart_items.id, cart_items.added_at
2026-06-25 17:03:26,864 INFO sqlalchemy.engine.Engine [generated in 0.00027s] (22, 5, 1, 48.0)
2026-06-25 17:03:27,003 INFO sqlalchemy.engine.Engine COMMIT
2026-06-25 17:03:27,267 INFO sqlalchemy.engine.Engine BEGIN (implicit)
2026-06-25 17:03:27,269 INFO sqlalchemy.engine.Engine SELECT carts.id, carts.user_id, carts.session_token, carts.created_at, carts.updated_at 
FROM carts 
WHERE carts.id = $1::BIGINT
2026-06-25 17:03:27,269 INFO sqlalchemy.engine.Engine [generated in 0.00024s] (22,)
2026-06-25 17:03:27,412 INFO sqlalchemy.engine.Engine SELECT cart_items.cart_id AS cart_items_cart_id, cart_items.id AS cart_items_id, cart_items.variant_id AS cart_items_variant_id, cart_items.quantity AS cart_items_quantity, cart_items.price_snapshot AS cart_items_price_snapshot, cart_items.added_at AS cart_items_added_at 
FROM cart_items 
WHERE cart_items.cart_id IN ($1::BIGINT)
2026-06-25 17:03:27,412 INFO sqlalchemy.engine.Engine [generated in 0.00029s] (22,)
2026-06-25 17:03:27,562 INFO sqlalchemy.engine.Engine SELECT product_variants.id AS product_variants_id, product_variants.product_id AS product_variants_product_id, product_variants.sku AS product_variants_sku, product_variants.size_label AS product_variants_size_label, product_variants.size_dimensions AS product_variants_size_dimensions, product_variants.dimensions_cm AS product_variants_dimensions_cm, product_variants.weight_grams AS product_variants_weight_grams, product_variants.mrp AS product_variants_mrp, product_variants.wholesale_price AS product_variants_wholesale_price, product_variants.wholesale_min_qty AS product_variants_wholesale_min_qty, product_variants.stock_quantity AS product_variants_stock_quantity, product_variants.reserved_quantity AS product_variants_reserved_quantity, product_variants.low_stock_threshold AS product_variants_low_stock_threshold, product_variants.is_active AS product_variants_is_active, product_variants.created_at AS product_variants_created_at, product_variants.updated_at AS product_variants_updated_at 
FROM product_variants 
WHERE product_variants.id IN ($1::BIGINT)
2026-06-25 17:03:27,562 INFO sqlalchemy.engine.Engine [generated in 0.00032s] (5,)
2026-06-25 17:03:27,708 INFO sqlalchemy.engine.Engine SELECT products.id AS products_id, products.name AS products_name, products.slug AS products_slug, products.description AS products_description, products.category_id AS products_category_id, products.brand_id AS products_brand_id, products.component_type AS products_component_type, products.material AS products_material, products.pressure_rating AS products_pressure_rating, products.meta_title AS products_meta_title, products.meta_description AS products_meta_description, products.is_active AS products_is_active, products.created_at AS products_created_at, products.updated_at AS products_updated_at, products.search_vector AS products_search_vector 
FROM products 
WHERE products.id IN ($1::BIGINT)
2026-06-25 17:03:27,709 INFO sqlalchemy.engine.Engine [generated in 0.00041s] (4,)
2026-06-25 17:03:27,774 INFO sqlalchemy.engine.Engine SELECT product_images.product_id AS product_images_product_id, product_images.id AS product_images_id, product_images.variant_id AS product_images_variant_id, product_images.image_url AS product_images_image_url, product_images.alt_text AS product_images_alt_text, product_images.display_order AS product_images_display_order, product_images.is_primary AS product_images_is_primary 
FROM product_images 
WHERE product_images.product_id IN ($1::BIGINT)
2026-06-25 17:03:27,775 INFO sqlalchemy.engine.Engine [generated in 0.00033s] (4,)
2026-06-25 17:03:27,911 INFO sqlalchemy.engine.Engine ROLLBACK
2026-06-25 17:03:28,177 INFO sqlalchemy.engine.Engine BEGIN (implicit)
2026-06-25 17:03:28,177 INFO sqlalchemy.engine.Engine SELECT users.id, users.email, users.password_hash, users.name, users.phone, users.is_active, users.is_admin, users.is_wholesale_customer, users.created_at, users.updated_at 
FROM users 
WHERE users.email = $1::VARCHAR
2026-06-25 17:03:28,178 INFO sqlalchemy.engine.Engine [cached since 6.912s ago] ('payment_4bff3c91@example.com',)
2026-06-25 17:03:28,308 INFO sqlalchemy.engine.Engine SELECT addresses.user_id AS addresses_user_id, addresses.id AS addresses_id, addresses.label AS addresses_label, addresses.full_address AS addresses_full_address, addresses.city AS addresses_city, addresses.state AS addresses_state, addresses.pincode AS addresses_pincode, addresses.phone AS addresses_phone, addresses.is_default AS addresses_is_default, addresses.created_at AS addresses_created_at 
FROM addresses 
WHERE addresses.user_id IN ($1::BIGINT)
2026-06-25 17:03:28,308 INFO sqlalchemy.engine.Engine [cached since 5.064s ago] (28,)
2026-06-25 17:03:28,384 INFO sqlalchemy.engine.Engine SELECT carts.id, carts.user_id, carts.session_token, carts.created_at, carts.updated_at 
FROM carts 
WHERE carts.user_id = $1::BIGINT
2026-06-25 17:03:28,384 INFO sqlalchemy.engine.Engine [generated in 0.00023s] (28,)
2026-06-25 17:03:28,463 INFO sqlalchemy.engine.Engine SELECT cart_items.cart_id AS cart_items_cart_id, cart_items.id AS cart_items_id, cart_items.variant_id AS cart_items_variant_id, cart_items.quantity AS cart_items_quantity, cart_items.price_snapshot AS cart_items_price_snapshot, cart_items.added_at AS cart_items_added_at 
FROM cart_items 
WHERE cart_items.cart_id IN ($1::BIGINT)
2026-06-25 17:03:28,463 INFO sqlalchemy.engine.Engine [generated in 0.00029s] (22,)
2026-06-25 17:03:28,541 INFO sqlalchemy.engine.Engine SELECT product_variants.id AS product_variants_id, product_variants.product_id AS product_variants_product_id, product_variants.sku AS product_variants_sku, product_variants.size_label AS product_variants_size_label, product_variants.size_dimensions AS product_variants_size_dimensions, product_variants.dimensions_cm AS product_variants_dimensions_cm, product_variants.weight_grams AS product_variants_weight_grams, product_variants.mrp AS product_variants_mrp, product_variants.wholesale_price AS product_variants_wholesale_price, product_variants.wholesale_min_qty AS product_variants_wholesale_min_qty, product_variants.stock_quantity AS product_variants_stock_quantity, product_variants.reserved_quantity AS product_variants_reserved_quantity, product_variants.low_stock_threshold AS product_variants_low_stock_threshold, product_variants.is_active AS product_variants_is_active, product_variants.created_at AS product_variants_created_at, product_variants.updated_at AS product_variants_updated_at 
FROM product_variants 
WHERE product_variants.id IN ($1::BIGINT)
2026-06-25 17:03:28,541 INFO sqlalchemy.engine.Engine [generated in 0.00055s] (5,)
2026-06-25 17:03:28,740 INFO sqlalchemy.engine.Engine SELECT products.id AS products_id, products.name AS products_name, products.slug AS products_slug, products.description AS products_description, products.category_id AS products_category_id, products.brand_id AS products_brand_id, products.component_type AS products_component_type, products.material AS products_material, products.pressure_rating AS products_pressure_rating, products.meta_title AS products_meta_title, products.meta_description AS products_meta_description, products.is_active AS products_is_active, products.created_at AS products_created_at, products.updated_at AS products_updated_at, products.search_vector AS products_search_vector 
FROM products 
WHERE products.id IN ($1::BIGINT)
2026-06-25 17:03:28,741 INFO sqlalchemy.engine.Engine [generated in 0.00080s] (4,)
2026-06-25 17:03:28,811 INFO sqlalchemy.engine.Engine SELECT addresses.id, addresses.user_id, addresses.label, addresses.full_address, addresses.city, addresses.state, addresses.pincode, addresses.phone, addresses.is_default, addresses.created_at 
FROM addresses 
WHERE addresses.id = $1::BIGINT AND addresses.user_id = $2::BIGINT
2026-06-25 17:03:28,811 INFO sqlalchemy.engine.Engine [generated in 0.00047s] (16, 28)
2026-06-25 17:03:28,963 INFO sqlalchemy.engine.Engine INSERT INTO daily_order_counters (date, last_number) VALUES ($1, 1) ON CONFLICT (date) DO UPDATE SET last_number = daily_order_counters.last_number + 1 RETURNING last_number
2026-06-25 17:03:28,963 INFO sqlalchemy.engine.Engine [generated in 0.00045s] (datetime.date(2026, 6, 25),)
2026-06-25 17:03:29,114 INFO sqlalchemy.engine.Engine INSERT INTO orders (user_id, order_number, status, payment_status, shipping_address_id, subtotal, shipping_cost, total, razorpay_order_id, razorpay_payment_id, awb_code, courier_name, shipping_label_url, tracking_status, estimated_delivery, reservation_expires_at) VALUES ($1::BIGINT, $2::VARCHAR, $3::order_status_enum, $4::payment_status_enum, $5::BIGINT, $6::NUMERIC(12, 2), $7::NUMERIC(12, 2), $8::NUMERIC(12, 2), $9::VARCHAR, $10::VARCHAR, $11::VARCHAR, $12::VARCHAR, $13::VARCHAR, $14::VARCHAR, $15::TIMESTAMP WITH TIME ZONE, $16::TIMESTAMP WITH TIME ZONE) RETURNING orders.id, orders.created_at, orders.updated_at
2026-06-25 17:03:29,114 INFO sqlalchemy.engine.Engine [generated in 0.00079s] (28, 'SHP-20260625-0008', 'PENDING_PAYMENT', 'PENDING', 16, 0.0, 100.0, 0.0, None, None, None, None, None, None, None, None)
2026-06-25 17:03:29,580 INFO sqlalchemy.engine.Engine UPDATE orders SET subtotal=$1::NUMERIC(12, 2), total=$2::NUMERIC(12, 2), updated_at=now() WHERE orders.id = $3::BIGINT
2026-06-25 17:03:29,581 INFO sqlalchemy.engine.Engine [generated in 0.00186s] (48.0, 148.0, 12)
2026-06-25 17:03:29,740 INFO sqlalchemy.engine.Engine INSERT INTO order_items (order_id, variant_id, quantity, unit_price, total_price, product_name_snapshot, sku_snapshot, size_label_snapshot) VALUES ($1::BIGINT, $2::BIGINT, $3::INTEGER, $4::NUMERIC(12, 2), $5::NUMERIC(12, 2), $6::VARCHAR, $7::VARCHAR, $8::VARCHAR) RETURNING order_items.id
2026-06-25 17:03:29,741 INFO sqlalchemy.engine.Engine [generated in 0.00056s] (12, 5, 1, 48.0, 48.0, 'UPVC Reducer Bush SCH-40', 'SUP-RB-40-2X1', '2" x 1"')
2026-06-25 17:03:29,895 INFO sqlalchemy.engine.Engine DELETE FROM cart_items WHERE cart_items.cart_id = $1::BIGINT
2026-06-25 17:03:29,896 INFO sqlalchemy.engine.Engine [generated in 0.00046s] (22,)
2026-06-25 17:03:30,042 INFO sqlalchemy.engine.Engine COMMIT
2026-06-25 17:03:30,350 INFO sqlalchemy.engine.Engine BEGIN (implicit)
2026-06-25 17:03:30,355 INFO sqlalchemy.engine.Engine SELECT orders.id, orders.user_id, orders.order_number, orders.status, orders.payment_status, orders.shipping_address_id, orders.subtotal, orders.shipping_cost, orders.total, orders.razorpay_order_id, orders.razorpay_payment_id, orders.awb_code, orders.courier_name, orders.shipping_label_url, orders.tracking_status, orders.estimated_delivery, orders.reservation_expires_at, orders.created_at, orders.updated_at 
FROM orders 
WHERE orders.id = $1::BIGINT
2026-06-25 17:03:30,355 INFO sqlalchemy.engine.Engine [generated in 0.00043s] (12,)
2026-06-25 17:03:30,604 INFO sqlalchemy.engine.Engine SELECT orders.id, orders.user_id, orders.order_number, orders.status, orders.payment_status, orders.shipping_address_id, orders.subtotal, orders.shipping_cost, orders.total, orders.razorpay_order_id, orders.razorpay_payment_id, orders.awb_code, orders.courier_name, orders.shipping_label_url, orders.tracking_status, orders.estimated_delivery, orders.reservation_expires_at, orders.created_at, orders.updated_at 
FROM orders 
WHERE orders.id = $1::BIGINT
2026-06-25 17:03:30,605 INFO sqlalchemy.engine.Engine [generated in 0.00033s] (12,)
2026-06-25 17:03:30,699 INFO sqlalchemy.engine.Engine SELECT order_items.order_id AS order_items_order_id, order_items.id AS order_items_id, order_items.variant_id AS order_items_variant_id, order_items.quantity AS order_items_quantity, order_items.unit_price AS order_items_unit_price, order_items.total_price AS order_items_total_price, order_items.product_name_snapshot AS order_items_product_name_snapshot, order_items.sku_snapshot AS order_items_sku_snapshot, order_items.size_label_snapshot AS order_items_size_label_snapshot 
FROM order_items 
WHERE order_items.order_id IN ($1::BIGINT)
2026-06-25 17:03:30,699 INFO sqlalchemy.engine.Engine [generated in 0.00035s] (12,)
2026-06-25 17:03:30,843 INFO sqlalchemy.engine.Engine ROLLBACK
2026-06-25 17:03:31,411 INFO sqlalchemy.engine.Engine BEGIN (implicit)
2026-06-25 17:03:31,412 INFO sqlalchemy.engine.Engine SELECT product_variants.id AS product_variants_id, product_variants.product_id AS product_variants_product_id, product_variants.sku AS product_variants_sku, product_variants.size_label AS product_variants_size_label, product_variants.size_dimensions AS product_variants_size_dimensions, product_variants.dimensions_cm AS product_variants_dimensions_cm, product_variants.weight_grams AS product_variants_weight_grams, product_variants.mrp AS product_variants_mrp, product_variants.wholesale_price AS product_variants_wholesale_price, product_variants.wholesale_min_qty AS product_variants_wholesale_min_qty, product_variants.stock_quantity AS product_variants_stock_quantity, product_variants.reserved_quantity AS product_variants_reserved_quantity, product_variants.low_stock_threshold AS product_variants_low_stock_threshold, product_variants.is_active AS product_variants_is_active, product_variants.created_at AS product_variants_created_at, product_variants.updated_at AS product_variants_updated_at 
FROM product_variants 
WHERE product_variants.id = $1::BIGINT
2026-06-25 17:03:31,412 INFO sqlalchemy.engine.Engine [generated in 0.00022s] (5,)
2026-06-25 17:03:31,647 INFO sqlalchemy.engine.Engine ROLLBACK
2026-06-25 17:03:31,988 INFO sqlalchemy.engine.Engine BEGIN (implicit)
2026-06-25 17:03:31,988 INFO sqlalchemy.engine.Engine SELECT users.id, users.email, users.password_hash, users.name, users.phone, users.is_active, users.is_admin, users.is_wholesale_customer, users.created_at, users.updated_at 
FROM users 
WHERE users.email = $1::VARCHAR
2026-06-25 17:03:31,988 INFO sqlalchemy.engine.Engine [cached since 10.72s ago] ('payment_4bff3c91@example.com',)
2026-06-25 17:03:32,136 INFO sqlalchemy.engine.Engine SELECT addresses.user_id AS addresses_user_id, addresses.id AS addresses_id, addresses.label AS addresses_label, addresses.full_address AS addresses_full_address, addresses.city AS addresses_city, addresses.state AS addresses_state, addresses.pincode AS addresses_pincode, addresses.phone AS addresses_phone, addresses.is_default AS addresses_is_default, addresses.created_at AS addresses_created_at 
FROM addresses 
WHERE addresses.user_id IN ($1::BIGINT)
2026-06-25 17:03:32,137 INFO sqlalchemy.engine.Engine [cached since 8.893s ago] (28,)
2026-06-25 17:03:32,213 INFO sqlalchemy.engine.Engine SELECT orders.id, orders.user_id, orders.order_number, orders.status, orders.payment_status, orders.shipping_address_id, orders.subtotal, orders.shipping_cost, orders.total, orders.razorpay_order_id, orders.razorpay_payment_id, orders.awb_code, orders.courier_name, orders.shipping_label_url, orders.tracking_status, orders.estimated_delivery, orders.reservation_expires_at, orders.created_at, orders.updated_at 
FROM orders 
WHERE orders.id = $1::BIGINT AND orders.user_id = $2::BIGINT
2026-06-25 17:03:32,213 INFO sqlalchemy.engine.Engine [generated in 0.00028s] (12, 28)
2026-06-25 17:03:33,198 INFO sqlalchemy.engine.Engine ROLLBACK
------------------------------ Captured log call ------------------------------
INFO     sqlalchemy.engine.Engine:base.py:1846 select pg_catalog.version()
INFO     sqlalchemy.engine.Engine:base.py:1846 [raw sql] ()
INFO     sqlalchemy.engine.Engine:base.py:1846 select current_schema()
INFO     sqlalchemy.engine.Engine:base.py:1846 [raw sql] ()
INFO     sqlalchemy.engine.Engine:base.py:1846 show standard_conforming_strings
INFO     sqlalchemy.engine.Engine:base.py:1846 [raw sql] ()
INFO     sqlalchemy.engine.Engine:base.py:2701 BEGIN (implicit)
INFO     sqlalchemy.engine.Engine:base.py:1846 SELECT product_variants.id, product_variants.product_id, product_variants.sku, product_variants.size_label, product_variants.size_dimensions, product_variants.dimensions_cm, product_variants.weight_grams, product_variants.mrp, product_variants.wholesale_price, product_variants.wholesale_min_qty, product_variants.stock_quantity, product_variants.reserved_quantity, product_variants.low_stock_threshold, product_variants.is_active, product_variants.created_at, product_variants.updated_at 
FROM product_variants 
WHERE product_variants.is_active = true
INFO     sqlalchemy.engine.Engine:base.py:1846 [generated in 0.00063s] ()
INFO     sqlalchemy.engine.Engine:base.py:1846 SELECT products.id AS products_id, products.name AS products_name, products.slug AS products_slug, products.description AS products_description, products.category_id AS products_category_id, products.brand_id AS products_brand_id, products.component_type AS products_component_type, products.material AS products_material, products.pressure_rating AS products_pressure_rating, products.meta_title AS products_meta_title, products.meta_description AS products_meta_description, products.is_active AS products_is_active, products.created_at AS products_created_at, products.updated_at AS products_updated_at, products.search_vector AS products_search_vector 
FROM products 
WHERE products.id IN ($1::BIGINT, $2::BIGINT, $3::BIGINT, $4::BIGINT, $5::BIGINT, $6::BIGINT, $7::BIGINT, $8::BIGINT, $9::BIGINT, $10::BIGINT, $11::BIGINT, $12::BIGINT, $13::BIGINT, $14::BIGINT, $15::BIGINT, $16::BIGINT, $17::BIGINT, $18::BIGINT, $19::BIGINT, $20::BIGINT, $21::BIGINT, $22::BIGINT, $23::BIGINT, $24::BIGINT, $25::BIGINT, $26::BIGINT, $27::BIGINT, $28::BIGINT, $29::BIGINT, $30::BIGINT, $31::BIGINT, $32::BIGINT, $33::BIGINT, $34::BIGINT, $35::BIGINT, $36::BIGINT, $37::BIGINT, $38::BIGINT, $39::BIGINT, $40::BIGINT, $41::BIGINT, $42::BIGINT, $43::BIGINT, $44::BIGINT, $45::BIGINT)
INFO     sqlalchemy.engine.Engine:base.py:1846 [generated in 0.00069s] (4, 5, 6, 7, 8, 9, 10, 11, 12, 14, 15, 17, 18, 20, 21, 24, 26, 27, 29, 30, 32, 33, 35, 36, 38, 39, 41, 42, 44, 45, 49, 50, 52, 53, 55, 56, 58, 59, 61, 62, 63, 64, 66, 67, 69)
INFO     sqlalchemy.engine.Engine:base.py:2704 ROLLBACK
INFO     sqlalchemy.engine.Engine:base.py:2701 BEGIN (implicit)
INFO     sqlalchemy.engine.Engine:base.py:1846 SELECT users.id, users.email, users.password_hash, users.name, users.phone, users.is_active, users.is_admin, users.is_wholesale_customer, users.created_at, users.updated_at 
FROM users 
WHERE users.email = $1::VARCHAR
INFO     sqlalchemy.engine.Engine:base.py:1846 [generated in 0.00046s] ('payment_4bff3c91@example.com',)
INFO     sqlalchemy.engine.Engine:base.py:1846 INSERT INTO users (email, password_hash, name, phone, is_active, is_admin, is_wholesale_customer) VALUES ($1::VARCHAR, $2::VARCHAR, $3::VARCHAR, $4::VARCHAR, $5::BOOLEAN, $6::BOOLEAN, $7::BOOLEAN) RETURNING users.id, users.created_at, users.updated_at
INFO     sqlalchemy.engine.Engine:base.py:1846 [generated in 0.00045s] ('payment_4bff3c91@example.com', '$2b$12$bSV03kQUnbJdoFzhZbjbGuPcf0ni2E1b99LDK2t.ALzWV6M0BtJ0y', 'Payment Tester', None, True, False, False)
INFO     sqlalchemy.engine.Engine:base.py:2707 COMMIT
INFO     sqlalchemy.engine.Engine:base.py:2701 BEGIN (implicit)
INFO     sqlalchemy.engine.Engine:base.py:1846 SELECT users.id, users.email, users.password_hash, users.name, users.phone, users.is_active, users.is_admin, users.is_wholesale_customer, users.created_at, users.updated_at 
FROM users 
WHERE users.id = $1::BIGINT
INFO     sqlalchemy.engine.Engine:base.py:1846 [generated in 0.00031s] (28,)
INFO     sqlalchemy.engine.Engine:base.py:1846 SELECT addresses.id AS addresses_id, addresses.user_id AS addresses_user_id, addresses.label AS addresses_label, addresses.full_address AS addresses_full_address, addresses.city AS addresses_city, addresses.state AS addresses_state, addresses.pincode AS addresses_pincode, addresses.phone AS addresses_phone, addresses.is_default AS addresses_is_default, addresses.created_at AS addresses_created_at 
FROM addresses 
WHERE $1::BIGINT = addresses.user_id
INFO     sqlalchemy.engine.Engine:base.py:1846 [generated in 0.00026s] (28,)
INFO     sqlalchemy.engine.Engine:base.py:2704 ROLLBACK
INFO     sqlalchemy.engine.Engine:base.py:2701 BEGIN (implicit)
INFO     sqlalchemy.engine.Engine:base.py:1846 SELECT users.id, users.email, users.password_hash, users.name, users.phone, users.is_active, users.is_admin, users.is_wholesale_customer, users.created_at, users.updated_at 
FROM users 
WHERE users.email = $1::VARCHAR
INFO     sqlalchemy.engine.Engine:base.py:1846 [cached since 1.824s ago] ('payment_4bff3c91@example.com',)
INFO     sqlalchemy.engine.Engine:base.py:1846 SELECT addresses.user_id AS addresses_user_id, addresses.id AS addresses_id, addresses.label AS addresses_label, addresses.full_address AS addresses_full_address, addresses.city AS addresses_city, addresses.state AS addresses_state, addresses.pincode AS addresses_pincode, addresses.phone AS addresses_phone, addresses.is_default AS addresses_is_default, addresses.created_at AS addresses_created_at 
FROM addresses 
WHERE addresses.user_id IN ($1::BIGINT)
INFO     sqlalchemy.engine.Engine:base.py:1846 [generated in 0.00038s] (28,)
INFO     sqlalchemy.engine.Engine:base.py:2704 ROLLBACK
INFO     sqlalchemy.engine.Engine:base.py:2701 BEGIN (implicit)
INFO     sqlalchemy.engine.Engine:base.py:1846 SELECT users.id, users.email, users.password_hash, users.name, users.phone, users.is_active, users.is_admin, users.is_wholesale_customer, users.created_at, users.updated_at 
FROM users 
WHERE users.email = $1::VARCHAR
INFO     sqlalchemy.engine.Engine:base.py:1846 [cached since 2.912s ago] ('payment_4bff3c91@example.com',)
INFO     sqlalchemy.engine.Engine:base.py:1846 SELECT addresses.user_id AS addresses_user_id, addresses.id AS addresses_id, addresses.label AS addresses_label, addresses.full_address AS addresses_full_address, addresses.city AS addresses_city, addresses.state AS addresses_state, addresses.pincode AS addresses_pincode, addresses.phone AS addresses_phone, addresses.is_default AS addresses_is_default, addresses.created_at AS addresses_created_at 
FROM addresses 
WHERE addresses.user_id IN ($1::BIGINT)
INFO     sqlalchemy.engine.Engine:base.py:1846 [cached since 1.065s ago] (28,)
INFO     sqlalchemy.engine.Engine:base.py:1846 UPDATE addresses SET is_default=$1::BOOLEAN WHERE addresses.user_id = $2::BIGINT
INFO     sqlalchemy.engine.Engine:base.py:1846 [generated in 0.00044s] (False, 28)
INFO     sqlalchemy.engine.Engine:base.py:1846 INSERT INTO addresses (user_id, label, full_address, city, state, pincode, phone, is_default) VALUES ($1::BIGINT, $2::VARCHAR, $3::VARCHAR, $4::VARCHAR, $5::VARCHAR, $6::VARCHAR, $7::VARCHAR, $8::BOOLEAN) RETURNING addresses.id, addresses.created_at
INFO     sqlalchemy.engine.Engine:base.py:1846 [generated in 0.00053s] (28, 'Home', 'Payment Test Address', 'Mumbai', 'MH', '400001', None, True)
INFO     sqlalchemy.engine.Engine:base.py:2707 COMMIT
INFO     sqlalchemy.engine.Engine:base.py:2701 BEGIN (implicit)
INFO     sqlalchemy.engine.Engine:base.py:1846 SELECT addresses.id, addresses.user_id, addresses.label, addresses.full_address, addresses.city, addresses.state, addresses.pincode, addresses.phone, addresses.is_default, addresses.created_at 
FROM addresses 
WHERE addresses.id = $1::BIGINT
INFO     sqlalchemy.engine.Engine:base.py:1846 [generated in 0.00069s] (16,)
INFO     sqlalchemy.engine.Engine:base.py:2704 ROLLBACK
INFO     sqlalchemy.engine.Engine:base.py:2701 BEGIN (implicit)
INFO     sqlalchemy.engine.Engine:base.py:1846 SELECT users.id, users.email, users.password_hash, users.name, users.phone, users.is_active, users.is_admin, users.is_wholesale_customer, users.created_at, users.updated_at 
FROM users 
WHERE users.email = $1::VARCHAR
INFO     sqlalchemy.engine.Engine:base.py:1846 [cached since 4.225s ago] ('payment_4bff3c91@example.com',)
INFO     sqlalchemy.engine.Engine:base.py:1846 SELECT addresses.user_id AS addresses_user_id, addresses.id AS addresses_id, addresses.label AS addresses_label, addresses.full_address AS addresses_full_address, addresses.city AS addresses_city, addresses.state AS addresses_state, addresses.pincode AS addresses_pincode, addresses.phone AS addresses_phone, addresses.is_default AS addresses_is_default, addresses.created_at AS addresses_created_at 
FROM addresses 
WHERE addresses.user_id IN ($1::BIGINT)
INFO     sqlalchemy.engine.Engine:base.py:1846 [cached since 2.389s ago] (28,)
INFO     sqlalchemy.engine.Engine:base.py:1846 SELECT product_variants.id, product_variants.product_id, product_variants.sku, product_variants.size_label, product_variants.size_dimensions, product_variants.dimensions_cm, product_variants.weight_grams, product_variants.mrp, product_variants.wholesale_price, product_variants.wholesale_min_qty, product_variants.stock_quantity, product_variants.reserved_quantity, product_variants.low_stock_threshold, product_variants.is_active, product_variants.created_at, product_variants.updated_at 
FROM product_variants 
WHERE product_variants.id = $1::BIGINT
INFO     sqlalchemy.engine.Engine:base.py:1846 [generated in 0.00030s] (5,)
INFO     sqlalchemy.engine.Engine:base.py:1846 SELECT products.id AS products_id, products.name AS products_name, products.slug AS products_slug, products.description AS products_description, products.category_id AS products_category_id, products.brand_id AS products_brand_id, products.component_type AS products_component_type, products.material AS products_material, products.pressure_rating AS products_pressure_rating, products.meta_title AS products_meta_title, products.meta_description AS products_meta_description, products.is_active AS products_is_active, products.created_at AS products_created_at, products.updated_at AS products_updated_at, products.search_vector AS products_search_vector 
FROM products 
WHERE products.id IN ($1::BIGINT)
INFO     sqlalchemy.engine.Engine:base.py:1846 [cached since 5.102s ago] (4,)
INFO     sqlalchemy.engine.Engine:base.py:1846 SELECT carts.id, carts.user_id, carts.session_token, carts.created_at, carts.updated_at 
FROM carts 
WHERE carts.user_id = $1::BIGINT
INFO     sqlalchemy.engine.Engine:base.py:1846 [generated in 0.00029s] (28,)
INFO     sqlalchemy.engine.Engine:base.py:1846 INSERT INTO carts (user_id, session_token) VALUES ($1::BIGINT, $2::VARCHAR) RETURNING carts.id, carts.created_at, carts.updated_at
INFO     sqlalchemy.engine.Engine:base.py:1846 [generated in 0.00056s] (28, None)
INFO     sqlalchemy.engine.Engine:base.py:2707 COMMIT
INFO     sqlalchemy.engine.Engine:base.py:2701 BEGIN (implicit)
INFO     sqlalchemy.engine.Engine:base.py:1846 SELECT carts.id, carts.user_id, carts.session_token, carts.created_at, carts.updated_at 
FROM carts 
WHERE carts.id = $1::BIGINT
INFO     sqlalchemy.engine.Engine:base.py:1846 [generated in 0.00037s] (22,)
INFO     sqlalchemy.engine.Engine:base.py:1846 SELECT cart_items.id, cart_items.cart_id, cart_items.variant_id, cart_items.quantity, cart_items.price_snapshot, cart_items.added_at 
FROM cart_items 
WHERE cart_items.cart_id = $1::BIGINT AND cart_items.variant_id = $2::BIGINT
INFO     sqlalchemy.engine.Engine:base.py:1846 [generated in 0.00026s] (22, 5)
INFO     sqlalchemy.engine.Engine:base.py:1846 INSERT INTO cart_items (cart_id, variant_id, quantity, price_snapshot) VALUES ($1::BIGINT, $2::BIGINT, $3::INTEGER, $4::NUMERIC(12, 2)) RETURNING cart_items.id, cart_items.added_at
INFO     sqlalchemy.engine.Engine:base.py:1846 [generated in 0.00027s] (22, 5, 1, 48.0)
INFO     sqlalchemy.engine.Engine:base.py:2707 COMMIT
INFO     sqlalchemy.engine.Engine:base.py:2701 BEGIN (implicit)
INFO     sqlalchemy.engine.Engine:base.py:1846 SELECT carts.id, carts.user_id, carts.session_token, carts.created_at, carts.updated_at 
FROM carts 
WHERE carts.id = $1::BIGINT
INFO     sqlalchemy.engine.Engine:base.py:1846 [generated in 0.00024s] (22,)
INFO     sqlalchemy.engine.Engine:base.py:1846 SELECT cart_items.cart_id AS cart_items_cart_id, cart_items.id AS cart_items_id, cart_items.variant_id AS cart_items_variant_id, cart_items.quantity AS cart_items_quantity, cart_items.price_snapshot AS cart_items_price_snapshot, cart_items.added_at AS cart_items_added_at 
FROM cart_items 
WHERE cart_items.cart_id IN ($1::BIGINT)
INFO     sqlalchemy.engine.Engine:base.py:1846 [generated in 0.00029s] (22,)
INFO     sqlalchemy.engine.Engine:base.py:1846 SELECT product_variants.id AS product_variants_id, product_variants.product_id AS product_variants_product_id, product_variants.sku AS product_variants_sku, product_variants.size_label AS product_variants_size_label, product_variants.size_dimensions AS product_variants_size_dimensions, product_variants.dimensions_cm AS product_variants_dimensions_cm, product_variants.weight_grams AS product_variants_weight_grams, product_variants.mrp AS product_variants_mrp, product_variants.wholesale_price AS product_variants_wholesale_price, product_variants.wholesale_min_qty AS product_variants_wholesale_min_qty, product_variants.stock_quantity AS product_variants_stock_quantity, product_variants.reserved_quantity AS product_variants_reserved_quantity, product_variants.low_stock_threshold AS product_variants_low_stock_threshold, product_variants.is_active AS product_variants_is_active, product_variants.created_at AS product_variants_created_at, product_variants.updated_at AS product_variants_updated_at 
FROM product_variants 
WHERE product_variants.id IN ($1::BIGINT)
INFO     sqlalchemy.engine.Engine:base.py:1846 [generated in 0.00032s] (5,)
INFO     sqlalchemy.engine.Engine:base.py:1846 SELECT products.id AS products_id, products.name AS products_name, products.slug AS products_slug, products.description AS products_description, products.category_id AS products_category_id, products.brand_id AS products_brand_id, products.component_type AS products_component_type, products.material AS products_material, products.pressure_rating AS products_pressure_rating, products.meta_title AS products_meta_title, products.meta_description AS products_meta_description, products.is_active AS products_is_active, products.created_at AS products_created_at, products.updated_at AS products_updated_at, products.search_vector AS products_search_vector 
FROM products 
WHERE products.id IN ($1::BIGINT)
INFO     sqlalchemy.engine.Engine:base.py:1846 [generated in 0.00041s] (4,)
INFO     sqlalchemy.engine.Engine:base.py:1846 SELECT product_images.product_id AS product_images_product_id, product_images.id AS product_images_id, product_images.variant_id AS product_images_variant_id, product_images.image_url AS product_images_image_url, product_images.alt_text AS product_images_alt_text, product_images.display_order AS product_images_display_order, product_images.is_primary AS product_images_is_primary 
FROM product_images 
WHERE product_images.product_id IN ($1::BIGINT)
INFO     sqlalchemy.engine.Engine:base.py:1846 [generated in 0.00033s] (4,)
INFO     sqlalchemy.engine.Engine:base.py:2704 ROLLBACK
INFO     sqlalchemy.engine.Engine:base.py:2701 BEGIN (implicit)
INFO     sqlalchemy.engine.Engine:base.py:1846 SELECT users.id, users.email, users.password_hash, users.name, users.phone, users.is_active, users.is_admin, users.is_wholesale_customer, users.created_at, users.updated_at 
FROM users 
WHERE users.email = $1::VARCHAR
INFO     sqlalchemy.engine.Engine:base.py:1846 [cached since 6.912s ago] ('payment_4bff3c91@example.com',)
INFO     sqlalchemy.engine.Engine:base.py:1846 SELECT addresses.user_id AS addresses_user_id, addresses.id AS addresses_id, addresses.label AS addresses_label, addresses.full_address AS addresses_full_address, addresses.city AS addresses_city, addresses.state AS addresses_state, addresses.pincode AS addresses_pincode, addresses.phone AS addresses_phone, addresses.is_default AS addresses_is_default, addresses.created_at AS addresses_created_at 
FROM addresses 
WHERE addresses.user_id IN ($1::BIGINT)
INFO     sqlalchemy.engine.Engine:base.py:1846 [cached since 5.064s ago] (28,)
INFO     sqlalchemy.engine.Engine:base.py:1846 SELECT carts.id, carts.user_id, carts.session_token, carts.created_at, carts.updated_at 
FROM carts 
WHERE carts.user_id = $1::BIGINT
INFO     sqlalchemy.engine.Engine:base.py:1846 [generated in 0.00023s] (28,)
INFO     sqlalchemy.engine.Engine:base.py:1846 SELECT cart_items.cart_id AS cart_items_cart_id, cart_items.id AS cart_items_id, cart_items.variant_id AS cart_items_variant_id, cart_items.quantity AS cart_items_quantity, cart_items.price_snapshot AS cart_items_price_snapshot, cart_items.added_at AS cart_items_added_at 
FROM cart_items 
WHERE cart_items.cart_id IN ($1::BIGINT)
INFO     sqlalchemy.engine.Engine:base.py:1846 [generated in 0.00029s] (22,)
INFO     sqlalchemy.engine.Engine:base.py:1846 SELECT product_variants.id AS product_variants_id, product_variants.product_id AS product_variants_product_id, product_variants.sku AS product_variants_sku, product_variants.size_label AS product_variants_size_label, product_variants.size_dimensions AS product_variants_size_dimensions, product_variants.dimensions_cm AS product_variants_dimensions_cm, product_variants.weight_grams AS product_variants_weight_grams, product_variants.mrp AS product_variants_mrp, product_variants.wholesale_price AS product_variants_wholesale_price, product_variants.wholesale_min_qty AS product_variants_wholesale_min_qty, product_variants.stock_quantity AS product_variants_stock_quantity, product_variants.reserved_quantity AS product_variants_reserved_quantity, product_variants.low_stock_threshold AS product_variants_low_stock_threshold, product_variants.is_active AS product_variants_is_active, product_variants.created_at AS product_variants_created_at, product_variants.updated_at AS product_variants_updated_at 
FROM product_variants 
WHERE product_variants.id IN ($1::BIGINT)
INFO     sqlalchemy.engine.Engine:base.py:1846 [generated in 0.00055s] (5,)
INFO     sqlalchemy.engine.Engine:base.py:1846 SELECT products.id AS products_id, products.name AS products_name, products.slug AS products_slug, products.description AS products_description, products.category_id AS products_category_id, products.brand_id AS products_brand_id, products.component_type AS products_component_type, products.material AS products_material, products.pressure_rating AS products_pressure_rating, products.meta_title AS products_meta_title, products.meta_description AS products_meta_description, products.is_active AS products_is_active, products.created_at AS products_created_at, products.updated_at AS products_updated_at, products.search_vector AS products_search_vector 
FROM products 
WHERE products.id IN ($1::BIGINT)
INFO     sqlalchemy.engine.Engine:base.py:1846 [generated in 0.00080s] (4,)
INFO     sqlalchemy.engine.Engine:base.py:1846 SELECT addresses.id, addresses.user_id, addresses.label, addresses.full_address, addresses.city, addresses.state, addresses.pincode, addresses.phone, addresses.is_default, addresses.created_at 
FROM addresses 
WHERE addresses.id = $1::BIGINT AND addresses.user_id = $2::BIGINT
INFO     sqlalchemy.engine.Engine:base.py:1846 [generated in 0.00047s] (16, 28)
INFO     sqlalchemy.engine.Engine:base.py:1846 INSERT INTO daily_order_counters (date, last_number) VALUES ($1, 1) ON CONFLICT (date) DO UPDATE SET last_number = daily_order_counters.last_number + 1 RETURNING last_number
INFO     sqlalchemy.engine.Engine:base.py:1846 [generated in 0.00045s] (datetime.date(2026, 6, 25),)
INFO     sqlalchemy.engine.Engine:base.py:1846 INSERT INTO orders (user_id, order_number, status, payment_status, shipping_address_id, subtotal, shipping_cost, total, razorpay_order_id, razorpay_payment_id, awb_code, courier_name, shipping_label_url, tracking_status, estimated_delivery, reservation_expires_at) VALUES ($1::BIGINT, $2::VARCHAR, $3::order_status_enum, $4::payment_status_enum, $5::BIGINT, $6::NUMERIC(12, 2), $7::NUMERIC(12, 2), $8::NUMERIC(12, 2), $9::VARCHAR, $10::VARCHAR, $11::VARCHAR, $12::VARCHAR, $13::VARCHAR, $14::VARCHAR, $15::TIMESTAMP WITH TIME ZONE, $16::TIMESTAMP WITH TIME ZONE) RETURNING orders.id, orders.created_at, orders.updated_at
INFO     sqlalchemy.engine.Engine:base.py:1846 [generated in 0.00079s] (28, 'SHP-20260625-0008', 'PENDING_PAYMENT', 'PENDING', 16, 0.0, 100.0, 0.0, None, None, None, None, None, None, None, None)
INFO     sqlalchemy.engine.Engine:base.py:1846 UPDATE orders SET subtotal=$1::NUMERIC(12, 2), total=$2::NUMERIC(12, 2), updated_at=now() WHERE orders.id = $3::BIGINT
INFO     sqlalchemy.engine.Engine:base.py:1846 [generated in 0.00186s] (48.0, 148.0, 12)
INFO     sqlalchemy.engine.Engine:base.py:1846 INSERT INTO order_items (order_id, variant_id, quantity, unit_price, total_price, product_name_snapshot, sku_snapshot, size_label_snapshot) VALUES ($1::BIGINT, $2::BIGINT, $3::INTEGER, $4::NUMERIC(12, 2), $5::NUMERIC(12, 2), $6::VARCHAR, $7::VARCHAR, $8::VARCHAR) RETURNING order_items.id
INFO     sqlalchemy.engine.Engine:base.py:1846 [generated in 0.00056s] (12, 5, 1, 48.0, 48.0, 'UPVC Reducer Bush SCH-40', 'SUP-RB-40-2X1', '2" x 1"')
INFO     sqlalchemy.engine.Engine:base.py:1846 DELETE FROM cart_items WHERE cart_items.cart_id = $1::BIGINT
INFO     sqlalchemy.engine.Engine:base.py:1846 [generated in 0.00046s] (22,)
INFO     sqlalchemy.engine.Engine:base.py:2707 COMMIT
INFO     sqlalchemy.engine.Engine:base.py:2701 BEGIN (implicit)
INFO     sqlalchemy.engine.Engine:base.py:1846 SELECT orders.id, orders.user_id, orders.order_number, orders.status, orders.payment_status, orders.shipping_address_id, orders.subtotal, orders.shipping_cost, orders.total, orders.razorpay_order_id, orders.razorpay_payment_id, orders.awb_code, orders.courier_name, orders.shipping_label_url, orders.tracking_status, orders.estimated_delivery, orders.reservation_expires_at, orders.created_at, orders.updated_at 
FROM orders 
WHERE orders.id = $1::BIGINT
INFO     sqlalchemy.engine.Engine:base.py:1846 [generated in 0.00043s] (12,)
INFO     sqlalchemy.engine.Engine:base.py:1846 SELECT orders.id, orders.user_id, orders.order_number, orders.status, orders.payment_status, orders.shipping_address_id, orders.subtotal, orders.shipping_cost, orders.total, orders.razorpay_order_id, orders.razorpay_payment_id, orders.awb_code, orders.courier_name, orders.shipping_label_url, orders.tracking_status, orders.estimated_delivery, orders.reservation_expires_at, orders.created_at, orders.updated_at 
FROM orders 
WHERE orders.id = $1::BIGINT
INFO     sqlalchemy.engine.Engine:base.py:1846 [generated in 0.00033s] (12,)
INFO     sqlalchemy.engine.Engine:base.py:1846 SELECT order_items.order_id AS order_items_order_id, order_items.id AS order_items_id, order_items.variant_id AS order_items_variant_id, order_items.quantity AS order_items_quantity, order_items.unit_price AS order_items_unit_price, order_items.total_price AS order_items_total_price, order_items.product_name_snapshot AS order_items_product_name_snapshot, order_items.sku_snapshot AS order_items_sku_snapshot, order_items.size_label_snapshot AS order_items_size_label_snapshot 
FROM order_items 
WHERE order_items.order_id IN ($1::BIGINT)
INFO     sqlalchemy.engine.Engine:base.py:1846 [generated in 0.00035s] (12,)
INFO     sqlalchemy.engine.Engine:base.py:2704 ROLLBACK
INFO     sqlalchemy.engine.Engine:base.py:2701 BEGIN (implicit)
INFO     sqlalchemy.engine.Engine:base.py:1846 SELECT product_variants.id AS product_variants_id, product_variants.product_id AS product_variants_product_id, product_variants.sku AS product_variants_sku, product_variants.size_label AS product_variants_size_label, product_variants.size_dimensions AS product_variants_size_dimensions, product_variants.dimensions_cm AS product_variants_dimensions_cm, product_variants.weight_grams AS product_variants_weight_grams, product_variants.mrp AS product_variants_mrp, product_variants.wholesale_price AS product_variants_wholesale_price, product_variants.wholesale_min_qty AS product_variants_wholesale_min_qty, product_variants.stock_quantity AS product_variants_stock_quantity, product_variants.reserved_quantity AS product_variants_reserved_quantity, product_variants.low_stock_threshold AS product_variants_low_stock_threshold, product_variants.is_active AS product_variants_is_active, product_variants.created_at AS product_variants_created_at, product_variants.updated_at AS product_variants_updated_at 
FROM product_variants 
WHERE product_variants.id = $1::BIGINT
INFO     sqlalchemy.engine.Engine:base.py:1846 [generated in 0.00022s] (5,)
INFO     sqlalchemy.engine.Engine:base.py:2704 ROLLBACK
INFO     sqlalchemy.engine.Engine:base.py:2701 BEGIN (implicit)
INFO     sqlalchemy.engine.Engine:base.py:1846 SELECT users.id, users.email, users.password_hash, users.name, users.phone, users.is_active, users.is_admin, users.is_wholesale_customer, users.created_at, users.updated_at 
FROM users 
WHERE users.email = $1::VARCHAR
INFO     sqlalchemy.engine.Engine:base.py:1846 [cached since 10.72s ago] ('payment_4bff3c91@example.com',)
INFO     sqlalchemy.engine.Engine:base.py:1846 SELECT addresses.user_id AS addresses_user_id, addresses.id AS addresses_id, addresses.label AS addresses_label, addresses.full_address AS addresses_full_address, addresses.city AS addresses_city, addresses.state AS addresses_state, addresses.pincode AS addresses_pincode, addresses.phone AS addresses_phone, addresses.is_default AS addresses_is_default, addresses.created_at AS addresses_created_at 
FROM addresses 
WHERE addresses.user_id IN ($1::BIGINT)
INFO     sqlalchemy.engine.Engine:base.py:1846 [cached since 8.893s ago] (28,)
INFO     sqlalchemy.engine.Engine:base.py:1846 SELECT orders.id, orders.user_id, orders.order_number, orders.status, orders.payment_status, orders.shipping_address_id, orders.subtotal, orders.shipping_cost, orders.total, orders.razorpay_order_id, orders.razorpay_payment_id, orders.awb_code, orders.courier_name, orders.shipping_label_url, orders.tracking_status, orders.estimated_delivery, orders.reservation_expires_at, orders.created_at, orders.updated_at 
FROM orders 
WHERE orders.id = $1::BIGINT AND orders.user_id = $2::BIGINT
INFO     sqlalchemy.engine.Engine:base.py:1846 [generated in 0.00028s] (12, 28)
INFO     sqlalchemy.engine.Engine:base.py:2704 ROLLBACK
============================== warnings summary ===============================
.venv\Lib\site-packages\pydantic\_internal\_config.py:295
  C:\Users\vom69\OneDrive\Desktop\Hardware\backend\.venv\Lib\site-packages\pydantic\_internal\_config.py:295: PydanticDeprecatedSince20: Support for class-based `config` is deprecated, use ConfigDict instead. Deprecated in Pydantic V2.0 to be removed in V3.0. See Pydantic V2 Migration Guide at https://errors.pydantic.dev/2.10/migration/
    warnings.warn(DEPRECATION_MESSAGE, DeprecationWarning)

tests/test_payments.py::test_payment_verification_flow
  C:\Users\vom69\OneDrive\Desktop\Hardware\backend\.venv\Lib\site-packages\pytest_asyncio\plugin.py:783: DeprecationWarning: The event_loop fixture provided by pytest-asyncio has been redefined in
  C:\Users\vom69\OneDrive\Desktop\Hardware\backend\tests\conftest.py:10
  Replacing the event_loop fixture with a custom implementation is deprecated
  and will lead to errors in the future.
  If you want to request an asyncio event loop with a scope other than function
  scope, use the "scope" argument to the asyncio mark when marking the tests.
  If you want to return different types of event loops, use the event_loop_policy
  fixture.
  
    warnings.warn(

tests/test_payments.py::test_payment_verification_flow
  C:\Users\vom69\OneDrive\Desktop\Hardware\backend\.venv\Lib\site-packages\httpx\_client.py:1437: DeprecationWarning: The 'app' shortcut is now deprecated. Use the explicit style 'transport=ASGITransport(app=...)' instead.
    warnings.warn(message, DeprecationWarning)

tests/test_payments.py::test_payment_verification_flow
tests/test_payments.py::test_payment_verification_flow
tests/test_payments.py::test_payment_verification_flow
tests/test_payments.py::test_payment_verification_flow
  C:\Users\vom69\OneDrive\Desktop\Hardware\backend\.venv\Lib\site-packages\jose\jwt.py:311: DeprecationWarning: datetime.datetime.utcnow() is deprecated and scheduled for removal in a future version. Use timezone-aware objects to represent datetimes in UTC: datetime.datetime.now(datetime.UTC).
    now = timegm(datetime.utcnow().utctimetuple())

-- Docs: https://docs.pytest.org/en/stable/how-to/capture-warnings.html
=========================== short test summary info ===========================
FAILED tests/test_payments.py::test_payment_verification_flow - assert 500 ==...
======================= 1 failed, 7 warnings in 17.84s ========================
